Unicorn 機動戦士ガンダムUC
Infinite インフィニット・ストラトス
Channel Aチャンネル
Baka バカとテストと召喚獣にっ！
Yuri ゆるゆり♪♪
Tomodachi 僕は友達が少ない
Horizon 境界線上のホライゾンII
Brain ファイ・ブレイン2
HUNTER HUNTER×HUNTER
Hunter HUNTER×HUNTER
Chihaya ちはやふる
Moretsu モーレツ宇宙海賊
Nisemonogatari 偽物語
Matteru あの夏で待ってる
Kikinasai パパのいうことを聞きなさい！
Inu 妖狐×僕SS
Precure スマイルプリキュア！
スマイルプリキュア！ スマイルプリキュア！
Omega 聖闘士星矢Ω
Omage 聖闘士星矢Ω
Accel アクセル・ワールド
Kyoudai 宇宙兄弟
Sankarea さんかれあ
Future プリティーリズム ディアマイフューチャー
Saki 咲-Saki- 阿知賀編 episode of side-A
Yurumates ゆるめいつ 3でぃPLUS
Haiyore 這いよれ！ニャル子さん
Upotte うぽって！！
hyouka 氷菓
Hyouka 氷菓
HYOUKA 氷菓
AKB0048 AKB0048
Shirokuma しろくまカフェ
Kingdom キングダム
あの夏で待ってる あの夏で待ってる
Suitai 人類は衰退しました
Jinrui 人類は衰退しました
Eclipse トータル・イクリプス
Chitose ちとせげっちゅ！！
Campione カンピオーネ！
Chouyaku 超訳百人一首うた恋い。
Arcana アルカナ・ファミリア
Binbougami 貧乏神が！
Joshiraku じょしらく
Moyashimon もやしもん リターンズ
Hitori この中に１人、妹がいる！
Estetica はぐれ勇者の鬼畜美学
Dekinai だから僕は、Hができない。
Connect ココロコネクト
CONNECT ココロコネクト
Sword ソードアート・オンライン
Dog DOG DAYS'
DOG DOG DAYS'
Nobuna 織田信奈の野望
Ebiten えびてん-公立海老栖川高校天悶部-
One わんおふ-one off-
Nogizaka 乃木坂春香の秘密 ふぃな～れ♪
Hidamari ひだまりスケッチ×ハニカム
SKET ひだまりスケッチ×ハニカム
Hiiro 緋色の欠片 第二章
Medaka めだかボックス アブノーマル
Jormungand ヨルムンガンド PERFECT ORDER
Hajimemashita 神様はじめました
Kaibutsu-kun となりの怪物くん
Wooser うーさーのその日暮らし
化物語 うーさーのその日暮らし
Lite 中二病でも恋がしたい！ Lite
Chuunibyou 中二病でも恋がしたい！
Hayate ハヤテのごとく！ CAN'T TAKE MY EYES OFF YOU
Tempest 絶園のテンペスト
Btoo BTOOOM!
Shinki 武装神姫
Shinsekai 新世界より
Kankeinai お兄ちゃんだけど愛さえあれば関係ないよねっ
Kimyou ジョジョの奇妙な冒険
Darkness ToLOVEる ダークネス
Busters リトルバスターズ！
Sukitte 好きっていいなよ。
Bakuman バクマン。3
Magi マギ
Breaker CODE：BREAKER
Teekyu てーきゅう
Ixion イクシオン サーガ DT
Aikatsu アイカツ！
Sakurasou さくら荘のペットな彼女
Panzer ガールズ＆パンツァー
Dziewczyny ガールズ＆パンツァー
Robotics ROBOTICS;NOTES
Psycho PSYCHO-PASS
Ichizon 生徒会の一存 Lv.2
