Bakemono 化物語
化物語 化物語
Majutsu とある魔術の禁書目録II
Kagaku とある科学の超電磁砲
Hidamari ひだまりスケッチ×☆☆☆
Unicorn 機動戦士ガンダムUC
Infinite インフィニット・ストラトス
Sket SKET DANCE
SKET SKET DANCE
Channel Aチャンネル
Baka バカとテストと召喚獣にっ！
Yuri ゆるゆり♪♪
Tomodachi 僕は友達が少ない
Horizon 境界線上のホライゾンII
Brain ファイ・ブレイン2
HUNTER HUNTER×HUNTER
Hunter HUNTER×HUNTER
Chihaya ちはやふる
Recorder リコーダーとランドセル レ♪
Moretsu モーレツ宇宙海賊
Nisemonogatari 偽物語
Aquarion アクエリオンEVOL
Matteru あの夏で待ってる
Kikinasai パパのいうことを聞きなさい！
Inu 妖狐×僕SS
Precure スマイルプリキュア！
Omega 聖闘士星矢Ω
Accel アクセル・ワールド
Kyoudai 宇宙兄弟
Hiiro 緋色の欠片
Medaka めだかボックス
Collection 戦国コレクション
Sankarea さんかれあ
Kanojo 謎の彼女X
Basuke 黒子のバスケ
Future プリティーリズム ディアマイフューチャー
Saki 咲-Saki- 阿知賀編 episode of side-A
Amnesia 黄昏乙女×アムネジア
Yurumates ゆるめいつ 3でぃPLUS
Haiyore 這いよれ！ニャル子さん
Jormungand ヨルムンガンド
Kuromajo 黒魔女さんが通る！！
Eureka エウレカセブンAO
Upotte うぽって！！
hyouka 氷菓
Hyouka 氷菓
AKB0048 AKB0048
Shirokuma しろくまカフェ
Kingdom キングダム
あの夏で待ってる あの夏で待ってる
Suitai 人類は衰退しました
Tari TARI TARI
TARI TARI TARI
Eclipse トータル・イクリプス
Chitose ちとせげっちゅ！！
Lagrange 輪廻のラグランジェ2
Campione カンピオーネ！
Chouyaku 超訳百人一首うた恋い。
Arcana アルカナ・ファミリア
Binbougami 貧乏神が！
Natsuyuki 夏雪ランデブー
Joshiraku じょしらく
Senkyo 恋と選挙とチョコレート
Moyashimon もやしもん リターンズ
Hitori この中に１人、妹がいる！
Estetica はぐれ勇者の鬼畜美学
Dekinai だから僕は、Hができない。
Connect ココロコネクト
Sword ソードアート・オンライン
Dog DOG DAYS'
Nobuna 織田信奈の野望
Ebiten えびてん-公立海老栖川高校天悶部-
ブレイン ブレンパワード
One わんおふ-one off-
Ben-Tou ベン・トー
Nogizaka 乃木坂春香の秘密 ふぃな～れ♪
